
--- Testing Llama-3.2-11B-Vision-Instruct (Image Description) ---
node.exe : Llama Vision Test Failed: 
"https://api-inference.huggingface.co is no longer 
supported. Please use https://router.huggingface.co 
instead."
At C:\nvm4w\nodejs\npx.ps1:29 char:3
+   & $NODE_EXE $NPX_CLI_JS $args
+   ~~~~~~~~~~~~~~~~~~~~~~~~~~~~~
    + CategoryInfo          : NotSpecified: (Llama Vision T 
   e...ce.co instead.":String) [], RemoteException
    + FullyQualifiedErrorId : NativeCommandError
 
Full Error: {}

--- Testing FLUX.1-dev (Image Generation) ---
Attempting to generate image with model: black-forest-labs/FLUX.1-dev
Fetch Failed: 404 Not Found
Response Body: Not Found
